------------------------------------------------------------
TimeQuest Timing Analyzer Summary
------------------------------------------------------------

Type  : Slow Model Setup 'clk'
Slack : 32.324
TNS   : 0.000

Type  : Slow Model Hold 'clk'
Slack : 0.391
TNS   : 0.000

Type  : Slow Model Recovery 'clk'
Slack : 36.731
TNS   : 0.000

Type  : Slow Model Removal 'clk'
Slack : 3.039
TNS   : 0.000

Type  : Slow Model Minimum Pulse Width 'clk'
Slack : 17.500
TNS   : 0.000

Type  : Slow Model Minimum Pulse Width 'altera_reserved_tck'
Slack : 97.778
TNS   : 0.000

Type  : Fast Model Setup 'clk'
Slack : 36.276
TNS   : 0.000

Type  : Fast Model Hold 'clk'
Slack : 0.215
TNS   : 0.000

Type  : Fast Model Recovery 'clk'
Slack : 38.129
TNS   : 0.000

Type  : Fast Model Removal 'clk'
Slack : 1.751
TNS   : 0.000

Type  : Fast Model Minimum Pulse Width 'clk'
Slack : 17.500
TNS   : 0.000

Type  : Fast Model Minimum Pulse Width 'altera_reserved_tck'
Slack : 97.778
TNS   : 0.000

------------------------------------------------------------
