Archive member included because of file (symbol)

../manodewwirow_bsp/\libhal_bsp.a(alt_main.o)
                              ../manodewwirow_bsp//obj/HAL/src/crt0.o (alt_main)
../manodewwirow_bsp/\libhal_bsp.a(alt_sys_init.o)
                              ../manodewwirow_bsp/\libhal_bsp.a(alt_main.o) (alt_irq_init)
../manodewwirow_bsp/\libhal_bsp.a(altera_nios2_qsys_irq.o)
                              ../manodewwirow_bsp/\libhal_bsp.a(alt_sys_init.o) (altera_nios2_qsys_irq_init)

Memory Configuration

Name             Origin             Length             Attributes
reset            0x00002000         0x00000020
memory           0x00002020         0x00001fe0
*default*        0x00000000         0xffffffff

Linker script and memory map

LOAD ../manodewwirow_bsp//obj/HAL/src/crt0.o
                0x0000200c                exit = _exit
LOAD obj/default/main.o
LOAD c:/altera/13.0/nios2eds/bin/gnu/h-i686-mingw32/bin/../lib/gcc/nios2-elf/4.1.2/../../../../nios2-elf/lib/mno-hw-mul\libstdc++.a
LOAD c:/altera/13.0/nios2eds/bin/gnu/h-i686-mingw32/bin/../lib/gcc/nios2-elf/4.1.2/../../../../nios2-elf/lib/mno-hw-mul\libm.a
LOAD c:/altera/13.0/nios2eds/bin/gnu/h-i686-mingw32/bin/../lib/gcc/nios2-elf/4.1.2/mno-hw-mul\libgcc.a
START GROUP
LOAD c:/altera/13.0/nios2eds/bin/gnu/h-i686-mingw32/bin/../lib/gcc/nios2-elf/4.1.2/../../../../nios2-elf/lib/mno-hw-mul\libsmallc.a
LOAD c:/altera/13.0/nios2eds/bin/gnu/h-i686-mingw32/bin/../lib/gcc/nios2-elf/4.1.2/mno-hw-mul\libgcc.a
LOAD ../manodewwirow_bsp/\libhal_bsp.a
END GROUP
LOAD c:/altera/13.0/nios2eds/bin/gnu/h-i686-mingw32/bin/../lib/gcc/nios2-elf/4.1.2/mno-hw-mul\libgcc.a
                0x00002000                __alt_mem_memory = 0x2000

.entry          0x00002000       0x20
 *(.entry)
 .entry         0x00002000       0x20 ../manodewwirow_bsp//obj/HAL/src/crt0.o
                0x00002000                __reset
                0x0000200c                _exit

.exceptions     0x00002020        0x0
                0x00002020                PROVIDE (__ram_exceptions_start, ABSOLUTE (.))
                0x00002020                . = ALIGN (0x20)
 *(.irq)
 *(.exceptions.entry.label)
 *(.exceptions.entry.user)
 *(.exceptions.entry)
 *(.exceptions.irqtest.user)
 *(.exceptions.irqtest)
 *(.exceptions.irqhandler.user)
 *(.exceptions.irqhandler)
 *(.exceptions.irqreturn.user)
 *(.exceptions.irqreturn)
 *(.exceptions.notirq.label)
 *(.exceptions.notirq.user)
 *(.exceptions.notirq)
 *(.exceptions.soft.user)
 *(.exceptions.soft)
 *(.exceptions.unknown.user)
 *(.exceptions.unknown)
 *(.exceptions.exit.label)
 *(.exceptions.exit.user)
 *(.exceptions.exit)
 *(.exceptions)
                0x00002020                PROVIDE (__ram_exceptions_end, ABSOLUTE (.))
                0x00002020                PROVIDE (__flash_exceptions_start, LOADADDR (.exceptions))

.text           0x00002020      0x178
                0x00002020                PROVIDE (stext, ABSOLUTE (.))
 *(.interp)
 *(.hash)
 *(.dynsym)
 *(.dynstr)
 *(.gnu.version)
 *(.gnu.version_d)
 *(.gnu.version_r)
 *(.rel.init)
 *(.rela.init)
 *(.rel.text .rel.text.* .rel.gnu.linkonce.t.*)
 *(.rela.text .rela.text.* .rela.gnu.linkonce.t.*)
 *(.rel.fini)
 *(.rela.fini)
 *(.rel.rodata .rel.rodata.* .rel.gnu.linkonce.r.*)
 *(.rela.rodata .rela.rodata.* .rela.gnu.linkonce.r.*)
 *(.rel.data .rel.data.* .rel.gnu.linkonce.d.*)
 *(.rela.data .rela.data.* .rela.gnu.linkonce.d.*)
 *(.rel.tdata .rel.tdata.* .rel.gnu.linkonce.td.*)
 *(.rela.tdata .rela.tdata.* .rela.gnu.linkonce.td.*)
 *(.rel.tbss .rel.tbss.* .rel.gnu.linkonce.tb.*)
 *(.rela.tbss .rela.tbss.* .rela.gnu.linkonce.tb.*)
 *(.rel.ctors)
 *(.rela.ctors)
 *(.rel.dtors)
 *(.rela.dtors)
 *(.rel.got)
 *(.rela.got)
 *(.rel.sdata .rel.sdata.* .rel.gnu.linkonce.s.*)
 *(.rela.sdata .rela.sdata.* .rela.gnu.linkonce.s.*)
 *(.rel.sbss .rel.sbss.* .rel.gnu.linkonce.sb.*)
 *(.rela.sbss .rela.sbss.* .rela.gnu.linkonce.sb.*)
 *(.rel.sdata2 .rel.sdata2.* .rel.gnu.linkonce.s2.*)
 *(.rela.sdata2 .rela.sdata2.* .rela.gnu.linkonce.s2.*)
 *(.rel.sbss2 .rel.sbss2.* .rel.gnu.linkonce.sb2.*)
 *(.rela.sbss2 .rela.sbss2.* .rela.gnu.linkonce.sb2.*)
 *(.rel.bss .rel.bss.* .rel.gnu.linkonce.b.*)
 *(.rela.bss .rela.bss.* .rela.gnu.linkonce.b.*)
 *(.rel.plt)
 *(.rela.plt)
 *(.rel.dyn)
 *(.init)
 *(.plt)
 *(.text .stub .text.* .gnu.linkonce.t.*)
 .text          0x00002020       0x38 ../manodewwirow_bsp//obj/HAL/src/crt0.o
                0x00002020                _start
 .text          0x00002058       0x90 obj/default/main.o
                0x00002058                main
 .text          0x000020e8       0x40 ../manodewwirow_bsp/\libhal_bsp.a(alt_main.o)
                0x000020e8                alt_main
 .text          0x00002128       0x50 ../manodewwirow_bsp/\libhal_bsp.a(alt_sys_init.o)
                0x00002128                alt_irq_init
                0x0000215c                alt_sys_init
 .text          0x00002178       0x20 ../manodewwirow_bsp/\libhal_bsp.a(altera_nios2_qsys_irq.o)
                0x00002178                altera_nios2_qsys_irq_init
 *(.gnu.warning.*)
 *(.fini)
                0x00002198                PROVIDE (__etext, ABSOLUTE (.))
                0x00002198                PROVIDE (_etext, ABSOLUTE (.))
                0x00002198                PROVIDE (etext, ABSOLUTE (.))
 *(.eh_frame_hdr)
                0x00002198                . = ALIGN (0x4)
                0x00002198                PROVIDE (__preinit_array_start, ABSOLUTE (.))
 *(.preinit_array)
                0x00002198                PROVIDE (__preinit_array_end, ABSOLUTE (.))
                0x00002198                PROVIDE (__init_array_start, ABSOLUTE (.))
 *(.init_array)
                0x00002198                PROVIDE (__init_array_end, ABSOLUTE (.))
                0x00002198                PROVIDE (__fini_array_start, ABSOLUTE (.))
 *(.fini_array)
                0x00002198                PROVIDE (__fini_array_end, ABSOLUTE (.))
 *(.eh_frame)
 *(.gcc_except_table)
 *(.dynamic)
                0x00002198                PROVIDE (__CTOR_LIST__, ABSOLUTE (.))
 *(.ctors)
 *(SORT(.ctors.*))
                0x00002198                PROVIDE (__CTOR_END__, ABSOLUTE (.))
                0x00002198                PROVIDE (__DTOR_LIST__, ABSOLUTE (.))
 *(.dtors)
 *(SORT(.dtors.*))
                0x00002198                PROVIDE (__DTOR_END__, ABSOLUTE (.))
 *(.jcr)
                0x00002198                . = ALIGN (0x4)

.rodata         0x00002198       0x14
                0x00002198                PROVIDE (__ram_rodata_start, ABSOLUTE (.))
                0x00002198                . = ALIGN (0x4)
 *(.rodata .rodata.* .gnu.linkonce.r.*)
 .rodata        0x00002198       0x14 obj/default/main.o
 *(.rodata1)
                0x000021ac                . = ALIGN (0x4)
                0x000021ac                PROVIDE (__ram_rodata_end, ABSOLUTE (.))
                0x00002198                PROVIDE (__flash_rodata_start, LOADADDR (.rodata))

.rwdata         0x000021ac        0x4
                0x000021ac                PROVIDE (__ram_rwdata_start, ABSOLUTE (.))
                0x000021ac                . = ALIGN (0x4)
 *(.got.plt)
 *(.got)
 *(.data1)
 *(.data .data.* .gnu.linkonce.d.*)
 .data          0x000021ac        0x0 ../manodewwirow_bsp//obj/HAL/src/crt0.o
 .data          0x000021ac        0x0 obj/default/main.o
 .data          0x000021ac        0x0 ../manodewwirow_bsp/\libhal_bsp.a(alt_main.o)
 .data          0x000021ac        0x0 ../manodewwirow_bsp/\libhal_bsp.a(alt_sys_init.o)
 .data          0x000021ac        0x0 ../manodewwirow_bsp/\libhal_bsp.a(altera_nios2_qsys_irq.o)
                0x0000a1ac                _gp = ABSOLUTE ((. + 0x8000))
                0x0000a1ac                PROVIDE (gp, _gp)
 *(.rwdata .rwdata.*)
 *(.sdata .sdata.* .gnu.linkonce.s.*)
 .sdata         0x000021ac        0x4 ../manodewwirow_bsp/\libhal_bsp.a(alt_sys_init.o)
                0x000021ac                uart
 *(.sdata2 .sdata2.* .gnu.linkonce.s2.*)
                0x000021b0                . = ALIGN (0x4)
                0x000021b0                _edata = ABSOLUTE (.)
                0x000021b0                PROVIDE (edata, ABSOLUTE (.))
                0x000021b0                PROVIDE (__ram_rwdata_end, ABSOLUTE (.))
                0x000021ac                PROVIDE (__flash_rwdata_start, LOADADDR (.rwdata))

.bss            0x000021b0        0xc
                0x000021b0                __bss_start = ABSOLUTE (.)
                0x000021b0                PROVIDE (__sbss_start, ABSOLUTE (.))
                0x000021b0                PROVIDE (___sbss_start, ABSOLUTE (.))
 *(.dynsbss)
 *(.sbss .sbss.* .gnu.linkonce.sb.*)
 .sbss          0x000021b0        0xc ../manodewwirow_bsp/\libhal_bsp.a(alt_main.o)
                0x000021b0                alt_argc
                0x000021b4                alt_argv
                0x000021b8                alt_envp
 *(.sbss2 .sbss2.* .gnu.linkonce.sb2.*)
 *(.scommon)
                0x000021bc                PROVIDE (__sbss_end, ABSOLUTE (.))
                0x000021bc                PROVIDE (___sbss_end, ABSOLUTE (.))
 *(.dynbss)
 *(.bss .bss.* .gnu.linkonce.b.*)
 .bss           0x000021bc        0x0 ../manodewwirow_bsp//obj/HAL/src/crt0.o
 .bss           0x000021bc        0x0 obj/default/main.o
 .bss           0x000021bc        0x0 ../manodewwirow_bsp/\libhal_bsp.a(alt_main.o)
 .bss           0x000021bc        0x0 ../manodewwirow_bsp/\libhal_bsp.a(alt_sys_init.o)
 .bss           0x000021bc        0x0 ../manodewwirow_bsp/\libhal_bsp.a(altera_nios2_qsys_irq.o)
 *(COMMON)
                0x000021bc                . = ALIGN (0x4)
                0x000021bc                __bss_end = ABSOLUTE (.)

.memory         0x000021bc        0x0
                0x000021bc                PROVIDE (_alt_partition_memory_start, ABSOLUTE (.))
 *(.memory. memory.*)
                0x000021bc                . = ALIGN (0x4)
                0x000021bc                PROVIDE (_alt_partition_memory_end, ABSOLUTE (.))
                0x000021bc                _end = ABSOLUTE (.)
                0x000021bc                end = ABSOLUTE (.)
                0x000021bc                __alt_stack_base = ABSOLUTE (.)
                0x000021bc                PROVIDE (_alt_partition_memory_load_addr, LOADADDR (.memory))

.stab
 *(.stab)

.stabstr
 *(.stabstr)

.stab.excl
 *(.stab.excl)

.stab.exclstr
 *(.stab.exclstr)

.stab.index
 *(.stab.index)

.stab.indexstr
 *(.stab.indexstr)

.comment        0x00000000       0x23
 *(.comment)
 .comment       0x00000000       0x23 obj/default/main.o
                                 0x24 (size before relaxing)
 .comment       0x00000000       0x24 ../manodewwirow_bsp/\libhal_bsp.a(alt_main.o)
 .comment       0x00000000       0x24 ../manodewwirow_bsp/\libhal_bsp.a(alt_sys_init.o)
 .comment       0x00000000       0x24 ../manodewwirow_bsp/\libhal_bsp.a(altera_nios2_qsys_irq.o)

.debug
 *(.debug)

.line
 *(.line)

.debug_srcinfo
 *(.debug_srcinfo)

.debug_sfnames
 *(.debug_sfnames)

.debug_aranges  0x00000000       0xa8
 *(.debug_aranges)
 .debug_aranges
                0x00000000       0x28 ../manodewwirow_bsp//obj/HAL/src/crt0.o
 .debug_aranges
                0x00000028       0x20 obj/default/main.o
 .debug_aranges
                0x00000048       0x20 ../manodewwirow_bsp/\libhal_bsp.a(alt_main.o)
 .debug_aranges
                0x00000068       0x20 ../manodewwirow_bsp/\libhal_bsp.a(alt_sys_init.o)
 .debug_aranges
                0x00000088       0x20 ../manodewwirow_bsp/\libhal_bsp.a(altera_nios2_qsys_irq.o)

.debug_pubnames
                0x00000000       0xcf
 *(.debug_pubnames)
 .debug_pubnames
                0x00000000       0x1b obj/default/main.o
 .debug_pubnames
                0x0000001b       0x46 ../manodewwirow_bsp/\libhal_bsp.a(alt_main.o)
 .debug_pubnames
                0x00000061       0x3d ../manodewwirow_bsp/\libhal_bsp.a(alt_sys_init.o)
 .debug_pubnames
                0x0000009e       0x31 ../manodewwirow_bsp/\libhal_bsp.a(altera_nios2_qsys_irq.o)

.debug_info     0x00000000      0x864
 *(.debug_info .gnu.linkonce.wi.*)
 .debug_info    0x00000000       0x65 ../manodewwirow_bsp//obj/HAL/src/crt0.o
 .debug_info    0x00000065      0x182 obj/default/main.o
 .debug_info    0x000001e7      0x240 ../manodewwirow_bsp/\libhal_bsp.a(alt_main.o)
 .debug_info    0x00000427      0x2a9 ../manodewwirow_bsp/\libhal_bsp.a(alt_sys_init.o)
 .debug_info    0x000006d0      0x194 ../manodewwirow_bsp/\libhal_bsp.a(altera_nios2_qsys_irq.o)

.debug_abbrev   0x00000000      0x273
 *(.debug_abbrev)
 .debug_abbrev  0x00000000       0x12 ../manodewwirow_bsp//obj/HAL/src/crt0.o
 .debug_abbrev  0x00000012       0x6d obj/default/main.o
 .debug_abbrev  0x0000007f       0xad ../manodewwirow_bsp/\libhal_bsp.a(alt_main.o)
 .debug_abbrev  0x0000012c       0xe3 ../manodewwirow_bsp/\libhal_bsp.a(alt_sys_init.o)
 .debug_abbrev  0x0000020f       0x64 ../manodewwirow_bsp/\libhal_bsp.a(altera_nios2_qsys_irq.o)

.debug_line     0x00000000      0x888
 *(.debug_line)
 .debug_line    0x00000000       0x63 ../manodewwirow_bsp//obj/HAL/src/crt0.o
 .debug_line    0x00000063      0x115 obj/default/main.o
 .debug_line    0x00000178      0x2b8 ../manodewwirow_bsp/\libhal_bsp.a(alt_main.o)
 .debug_line    0x00000430      0x277 ../manodewwirow_bsp/\libhal_bsp.a(alt_sys_init.o)
 .debug_line    0x000006a7      0x1e1 ../manodewwirow_bsp/\libhal_bsp.a(altera_nios2_qsys_irq.o)

.debug_frame    0x00000000       0xcc
 *(.debug_frame)
 .debug_frame   0x00000000       0x2c obj/default/main.o
 .debug_frame   0x0000002c       0x2c ../manodewwirow_bsp/\libhal_bsp.a(alt_main.o)
 .debug_frame   0x00000058       0x48 ../manodewwirow_bsp/\libhal_bsp.a(alt_sys_init.o)
 .debug_frame   0x000000a0       0x2c ../manodewwirow_bsp/\libhal_bsp.a(altera_nios2_qsys_irq.o)

.debug_str      0x00000000       0x36
 *(.debug_str)
 .debug_str     0x00000000       0x12 ../manodewwirow_bsp/\libhal_bsp.a(alt_main.o)
 .debug_str     0x00000012       0x12 ../manodewwirow_bsp/\libhal_bsp.a(alt_sys_init.o)
 .debug_str     0x00000024       0x12 ../manodewwirow_bsp/\libhal_bsp.a(altera_nios2_qsys_irq.o)

.debug_loc      0x00000000       0xd7
 *(.debug_loc)
 .debug_loc     0x00000000       0x2b obj/default/main.o
 .debug_loc     0x0000002b       0x2b ../manodewwirow_bsp/\libhal_bsp.a(alt_main.o)
 .debug_loc     0x00000056       0x56 ../manodewwirow_bsp/\libhal_bsp.a(alt_sys_init.o)
 .debug_loc     0x000000ac       0x2b ../manodewwirow_bsp/\libhal_bsp.a(altera_nios2_qsys_irq.o)

.debug_macinfo
 *(.debug_macinfo)

.debug_weaknames
 *(.debug_weaknames)

.debug_funcnames
 *(.debug_funcnames)

.debug_typenames
 *(.debug_typenames)

.debug_varnames
 *(.debug_varnames)

.debug_alt_sim_info
                0x00000000       0x10
 *(.debug_alt_sim_info)
 .debug_alt_sim_info
                0x00000000       0x10 ../manodewwirow_bsp//obj/HAL/src/crt0.o
                0x00004000                __alt_data_end = 0x4000
                0x00004000                PROVIDE (__alt_stack_pointer, __alt_data_end)
                0x000021bc                PROVIDE (__alt_stack_limit, __alt_stack_base)
                0x000021bc                PROVIDE (__alt_heap_start, end)
                0x00004000                PROVIDE (__alt_heap_limit, 0x4000)
OUTPUT(manodewiropstz.elf elf32-littlenios2)

.debug_ranges   0x00000000       0x20
 .debug_ranges  0x00000000       0x20 ../manodewwirow_bsp//obj/HAL/src/crt0.o
